    ID | File Path                 |       Size | Modified
-----------------------------------------------------------------
     1 | /home/user/docs/report.pd |     2.5 MB | 2023-12-01
       | f                         |            |
-----------------------------------------------------------------
     2 | /home/user/projects/myapp |    15.2 KB | 2023-12-02
       | /src/main.go              |            |
-----------------------------------------------------------------
     3 | /home/user/downloads/very |     150 MB | 2023-12-03
       | -long-filename-example.zi |            |
       | p                         |            |
-----------------------------------------------------------------
